border_size=1
usage=map

Yos         , Yos         , Yos         , Yos         , Yos         , Yos         , Yos         , Yos         , Yos         , Yos         , Yos         , Yos         , Yos         , Yos         , Yos         , Yos         , Yos         , Yos         , Yos         , Yos         , Yos         , Yos         , Yos         , Yos         , Yos         , Yos         , Yos         , Xu          , Xu          , Xu          , Xu          , Xu          , Xu          , Xu          , Xu          , Xu          , Xu          , Xu          , Xu          , Xu          , Xu          , Xu          , Xu          , Xu          , Xu          , Xu          , Xu          , Xu          , Xu          , Xu          , Xu          , Xu          
Yos         , Yos         , Yos         , Yos         , Yos         , Yos         , Yos         , Yos         , Yos         , Yos         , Yos         , Yos         , Yos         , Yos         , Yos         , Yos         , Yos         , Yos         , Yos         , Yos         , Yos         , Yos         , Yos         , Yos         , Yos         , Yos         , Yos         , Xu          , Xu          , Xu          , Xu          , Xu          , Xu          , Xu          , Xu          , Xu          , Xu          , Xu          , Xu          , Xu          , Xu          , Xu          , Xu          , Xu          , Xu          , Xu          , Xu          , Xu          , Xu          , Xu          , Xu          , Xu          
Yos         , Yos         , Yos         , Yos         , Yos         , Yos         , Yos         , Yos         , Yos         , Yos         , Yos         , Yos         , Yos         , Yos         , Yos         , Yos         , Yos         , Yos         , Yos         , Yos         , Yos         , Yos         , Yos         , Yos         , Yos         , Yos         , Yos         , Xu          , Xu          , Xu          , Xu          , Xu          , Xu          , Xu          , Xu          , Xu          , Xu          , Xu          , Xu          , Xu          , Xu          , Xu          , Xu          , Xu          , Xu          , Xu          , Xu          , Xu          , Xu          , Xu          , Xu          , Xu          
Yos         , Yos         , Yos         , Yos         , Yos         , Yos         , Yos         , Yos         , Yos         , Yos         , Yos         , Yos         , Yos         , Yos         , Yos         , Yos         , Yos         , Yos         , Yos         , Yos         , Yos         , Yos         , Yos         , Yos         , Yos         , Yos         , Xu          , Xu          , Xu          , Xu          , Uu          , Xu          , Xu          , Xu          , Xu          , Xu          , Uu          , Uu          , Uu          , Xu          , Xu          , Xu          , Uu          , Uu          , Uu          , Xu          , Uu          , Xu          , Xu          , Xu          , Xu          , Xu          
Yos         , Yos         , Yos         , Yos         , Yos         , Yos         , Yos         , Yos         , Yos         , Yos         , Yos         , Yos         , Yos         , Yos         , Yos         , Yos         , Yos         , Yos         , Yos         , Yos         , Yos         , Yos         , Yos         , Yos         , Xu          , Xu          , Xu          , Xu          , Xu          , Xu          , Xu          , Uu          , Uu          , Xu          , Xu          , Re          , Xu          , Uu          , Xu          , Uu          , Xu          , Xu          , Xu          , Xu          , Re          , Uu          , Uu          , Xu          , Uh          , Uh          , Xu          , Xu          
Yos         , Yos         , Yos         , Yos         , Yos         , Yos         , Yos         , Yos         , Yos         , Yos         , Yos         , Yos         , Yos         , Yos         , Yos         , Yos         , Yos         , Yos         , Yos         , Yos         , Yos         , Yos         , Xu          , Xu          , Xu          , Xu          , Xu          , Xu          , Xu          , Xu          , Xu          , Uu          , Xu          , Xu          , Uu          , Uu          , Uu          , Xu          , Uh          , Xu          , Xu          , Xu          , Xu          , Re          , Xu          , Xu          , Uu          , Uu          , Xu          , Xu          , Xu          , Xu          
Yos         , Yos         , Yos         , Yos         , Yos         , Yos         , Yos         , Yos         , Uu          , Yos         , Yos         , Yos         , Yos         , Yos         , Yos         , Yos         , Yos         , Yos         , Yos         , Yos         , Xu          , Xu          , Xu          , Xu          , Xu          , Xu          , Xu          , Xu          , Xu          , Xu          , Xu          , Uu          , Uh          , Uh          , Xu          , Xu          , Xu          , Uh          , Xu          , Uu          , Uu          , Uu          , Uh          , Uu          , Uu          , Xu          , Xu          , Uu          , Xu          , Xu          , Xu          , Xu          
Yos         , Yos         , Yos         , Yos         , Yos         , Yos         , Uu          , Uu          , Uu          , Uu          , Uu          , Yos         , Yos         , Yos         , Yos         , Yos         , Yos         , Yos         , Yos         , Xu          , Xu          , Xu          , Xu          , Xu          , Xu          , Uu^Uf       , Uu^Uf       , Xu          , Xu          , Xu          , Uu          , Xu          , Xu          , Uh          , Xu          , Xu          , Xu          , Xu          , Rd          , Uu          , Xu          , Uu          , Uh          , Uh          , Uh          , Xu          , Rd          , Uu          , Uu          , Xu          , Xu          , Xu          
Yos         , Yos         , Yos         , Yos         , Yos         , Uu          , Uu          , Uu          , Uu          , Rd          , Rd          , Uu          , Uu          , Yos         , Yos         , Yos         , Yos         , Yos         , Xu          , Xu          , Xu          , Xu          , Xu          , Xu          , Uu^Uf       , Uu^Uf       , Xu          , Xu          , Xu          , Xu          , Xu          , Uu          , Xu          , Xu          , Uu          , Xu          , Uu          , Uu          , Uu          , Xu          , Uu          , Uu          , Uu          , Xu          , Xu          , Xu          , Re          , Rd          , Xu          , Uu          , Xu          , Xu          
Yos         , Yos         , Yos         , Yos         , Yos         , Uu          , Uu          , Uu          , Ce          , Uu          , Uu          , Uu          , Uu          , Yos         , Yos         , Yos         , Yos         , Yos         , Xu          , Xu          , Xu          , Xu          , Uu^Uf       , Xu          , Uu          , Xu          , Xu          , Xu          , Xu          , Xu          , Xu          , Rd          , Rd          , Uu          , Xu          , Uu          , Xu          , Uu          , Xu          , Xu          , Rd          , Rd          , Xu          , Xu          , Uu          , Xu          , Xu          , Rd          , Uu          , Xu          , Xu          , Xu          
Yos         , Yos         , Yos         , Yos         , Yos         , Uu          , Uu          , Ce          , 2 Ke        , Ce          , Uu          , Uu          , Uu          , Uu          , Yos         , Yos         , Yos         , Yos         , Xu          , Xu          , Xu          , Uu^Uf       , Uu          , Uu          , Xu          , Xu          , Xu          , Xu          , Xu          , Xu          , Xu          , Uu          , Xu          , Uh          , Xu          , Xu          , Xu          , Uu          , Uh          , Uh          , Uu          , Xu          , Uu          , Xu          , Uu          , Xu          , Xu          , Uu          , Xu          , Xu          , Xu          , Xu          
Yos         , Yos         , Yos         , Yos         , Yos         , Uu          , Uu          , Ce          , Ce          , Ce          , Uu          , Uu          , Uu          , Uu          , Yos         , Yos         , Yos         , Xu          , Xu          , Xu          , Xu          , Uu          , 5 Uu        , Uu^Vu       , Uu^Uf       , Xu          , Xu          , Xu          , Uh          , Uh          , Xu          , Uu          , Xu          , Uu          , Xu          , Xu          , Uu          , Uu          , Xu          , Uh          , Uu          , Uu          , Xu          , Uu          , Uh          , Uh          , Xu          , Uu          , Uh          , Uh          , Xu          , Xu          
Yos         , Yos         , Yos         , Yos         , Yos         , Uu          , Uu          , Uu          , Uu          , Uu          , Re          , Uu          , Uu          , Uu          , Yos         , Yos         , Yos         , Xu          , Xu          , Xu          , Uu          , Uu          , Uu          , Re          , Re          , Xu          , Xu          , Xu          , Uh          , Xu          , Uu          , Uu          , Xu          , Xu          , Uu          , Uu          , Xu          , Xu          , Xu          , Xu          , Re          , Xu          , Xu          , Xu          , Xu          , Uh          , Xu          , Xu          , Xu          , Xu          , Xu          , Xu          
Yos         , Yos         , Yos         , Yos         , Yos         , Uu          , Re          , Uu          , Rd          , Uu          , Uu          , Uu          , Yos         , Yos         , Yos         , Yos         , Xu          , Xu          , Xu          , Uu^Vu       , Rd          , Uu          , Uu^Vu       , Uu          , Uu          , Xu          , Xu          , Xu          , Xu          , Uu          , Xu          , Xu          , Xu          , Xu          , Re          , Xu          , Xu          , Xu          , Uu          , Xu          , Rd          , Xu          , Xu          , Xu          , Xu          , Xu          , Xu          , Xu          , Xu          , Xu          , Xu          , Xu          
Yos         , Yos         , Yos         , Yos         , Yos         , Uu          , Re          , Uu          , Re          , Uu          , Yos         , Yos         , Yos         , Yos         , Yos         , Xu          , Xu          , Xu          , Xu          , Uu          , Rd          , Uu          , Xu          , Xu          , Uu          , Uu          , Xu          , Xu          , Xu          , Xu          , Xu          , Xu          , Xu          , Xu          , Re          , Xu          , Uh          , Xu          , Xu          , Uu          , Uu          , Uu          , Uu          , Xu          , Uu          , Xu          , Xu          , Xu          , Xu          , Xu          , Xu          , Xu          
Yos         , Yos         , Yos         , Yos         , Yos         , Uu          , Uu          , Uu          , Uu          , Rd          , Xg^Zse      , Yos         , Yos         , Yos         , Yos         , Xu          , Xu          , Xu          , Xu          , Xu          , Rd          , Xu          , Xu          , Xu          , Xu          , Xu          , Xu          , Xu          , Xu          , Xu          , Xu          , Uu          , Uu          , Uu          , Xu          , Xu          , Uh          , Uu          , Xu          , Xu          , Xu          , Xu          , Xu          , Uu          , Uu          , Uu          , Uu          , Xu          , Xu          , Xu          , Xu          , Xu          
Yos         , Yos         , Yos         , Yos         , Yos         , Yos         , Yos         , Uu          , Yos         , Yos         , Yos         , Re          , Re          , Uu          , Uu          , Yos         , Xu          , Xu          , Uu          , Re          , Xu          , Xu          , Xu          , Xu          , Xu          , Xu          , Xu          , Xu          , Xu          , Xu          , Uh          , Rd          , Uu          , Xu          , Uu          , Uh          , Xu          , Uu          , Xu          , Xu          , Uu          , Uu          , Uu          , Xu          , Xu          , Xu          , Xu          , Uu          , Xu          , Xu          , Xu          , Xu          
Yos         , Yos         , Yos         , Yos         , Yos         , Yos         , Yos         , Yos         , Yos         , Yos         , Yos         , Yos         , Yos         , Uu          , Uu          , Qxu         , Qxu         , Uu          , Xu          , Xu          , Xu          , Xu          , Yos         , Yos         , Yos         , Xu          , Xu          , Xu          , Xu          , Xu          , Uh          , Xu          , Xu          , Uu          , Xu          , Xu          , Xu          , Uu          , Xu          , Xu          , Xu          , Xu          , Re          , Xu          , Xu          , Xu          , Xu          , Xu          , Xu          , Xu          , Xu          , Xu          
Yos         , Yos         , Yos         , Yos         , Yos         , Yos         , Yos         , Yos         , Yos         , Yos         , Yos         , Yos         , Yos         , Uu          , Re          , Qxu^Bs/     , Qxu         , Xu          , Xu          , Xu          , Xu          , Yos         , Yos         , Yos         , Yos         , Yos         , Xu          , Xu          , Uu          , Uh          , Xu          , Xu          , Xu          , Xu          , Xu          , Xu          , Xu          , Uu          , Uh          , Uh          , Uu          , Xu          , Uu          , Uu          , Xu          , Xu          , Xu          , Xu          , Xu          , Xu          , Xu          , Xu          
Yos         , Yos         , Yos         , Yos         , Yos         , Yos         , Yos         , Yos         , Yos         , Yos         , Xu          , Yos         , Yos         , Uu          , Uu          , Uu          , Yos         , Xu          , Xu          , Xu          , Yos         , Yos         , Yos         , Yos         , Uu          , Uu          , Uu          , Uu          , Re          , Xu          , Xu          , Xu          , Xu          , Xu          , Xu          , Xu          , Xu          , Xu          , Xu          , Xu          , Xu          , Uu          , Xu          , Uu          , Xu          , Xu          , Xu          , Xu          , Xu          , Xu          , Xu          , Xu          
Yos         , Yos         , Yos         , Yos         , Yos         , Yos         , Yos         , Yos         , Xu          , Xu          , Xu          , Xu          , Yos         , Re          , Uu          , Yos         , Yos         , Xu          , Yos         , Yos         , Yos         , Yos         , Uu          , Uu          , Rd          , Uu          , Rd          , Uu          , Uu          , Uu          , Xg^Zse      , Xu          , Xu          , Xu          , Xu          , Xu          , Xu          , Xu          , Uh          , Xu          , Xu          , Xu          , Xu          , Xu          , Xu          , Xu          , Xu          , Xu          , Xu          , Xu          , Xu          , Xu          
Yos         , Yos         , Yos         , Yos         , Yos         , Yos         , Yos         , Xu          , Yos         , Xu          , Xu          , Xu          , Rd          , Re          , Uu          , Yos         , Yos         , Yos         , Yos         , Yos         , Uu          , Uu          , Uu          , Rd          , Xu          , Xu          , Uu          , Uu          , Yos         , Xu          , Xu          , Uu          , Re          , Xu          , Uu          , Xu          , Xu          , Uu          , Uu          , Xu          , Xu          , Xu          , Xu          , Xu          , Xu          , Xu          , Xu          , Xu          , Xu          , Xu          , Xu          , Xu          
Uu^Ii       , Uu          , Uu          , Yos         , Uu          , Yos         , Uu          , Yos         , Uu          , Xu          , Re          , Uu          , Uu          , Uu          , Uu          , Yos         , Yos         , Yos         , Uu          , Re          , Re          , Uu          , Yos         , Uu          , Re          , Re          , Yos         , Yos         , Xu          , Xu          , Xu          , Xu          , Xu          , Re          , Xu          , Xu          , Xu          , Xu          , Uu          , Xu          , Uu          , Xu          , Uu          , Xu          , Re          , Xu          , Uu          , Xu          , Xu          , Xu          , Xu          , Xu          
Uu^Ii       , Ce          , 1 Ke        , Uu          , Re          , Uu          , Uu          , Uu          , Rd          , Uu          , Uu          , Rd          , Uu          , Qxu         , Uu          , Uu          , Uu          , Uu          , Uu          , Uu          , Yos         , Yos         , Yos         , Yos         , Yos         , Yos         , Yos         , Yos         , Xu          , Xu          , Xu          , Xu          , Xu          , Uh          , Uh          , Uu          , Uu          , Uu          , Xu          , Rd          , Xu          , Xu          , Uh          , Uu          , Xu          , Re          , Xu          , Uu          , Xu          , Xu          , Xu          , Xu          
Uu^Ii       , Ce          , Ce          , Ce          , Ce          , Re          , Uu          , Rd          , Uu          , Uu          , Uu          , Uu          , Re          , Qxu         , Uu          , Re          , Uu          , Uu          , Yos         , Yos         , Yos         , Yos         , Yos         , Yos         , Yos         , Yos         , Yos         , Yos         , Xu          , Xu          , Xu          , Xu          , Xu          , Uu          , Uu          , Xu          , Xu          , Uu          , Re          , Xu          , Xu          , Uu          , Xu          , Xu          , Xu          , Xu          , Xu          , Xu          , Xu          , Xu          , Xu          , Xu          
Yos         , Uu          , Yos         , Uu          , Yos         , Yos         , Yos         , Yos         , Yos         , Yos         , Yos         , Uu          , Uu          , Uu          , Uu          , Uu          , Uu          , Rd          , Uu          , Uu          , Rd          , Yos         , Yos         , Yos         , Yos         , Yos         , Yos         , Yos         , Yos         , Xu          , Xu          , Xu          , Xu          , Xu          , Xu          , Xu          , Xu          , Uu          , Xu          , Uu          , Uu          , Uu          , Xu          , Xu          , Xu          , Xu          , Xu          , Xu          , Uh          , Uh          , Xu          , Xu          
Yos         , Yos         , Yos         , Yos         , Yos         , Yos         , Yos         , Yos         , Yos         , Yos         , Uu          , Uu          , Uu          , Uu          , Yos         , Yos         , Yos         , Yos         , Yos         , Yos         , Yos         , Rd          , Uu          , Yos         , Yos         , Yos         , Yos         , Yos         , Yos         , Yos         , Yos         , Xu          , Xu          , Xu          , Xu          , Xu          , Xu          , Uh          , Xu          , Xu          , Rd          , Xu          , Uu          , Rd          , Uu          , Uh          , Uu          , Uu          , Xu          , Uu          , Xu          , Xu          
Yos         , Yos         , Yos         , Yos         , Yos         , Yos         , Yos         , Yos         , Uu          , Uu          , Uu          , Uu          , Yos         , Yos         , Rd          , Rd          , Rd          , Rd          , Yos         , Yos         , Uu          , Uu          , Uu          , Uu          , Uu          , Rd          , Uu          , Yos         , Yos         , Yos         , Yos         , Yos         , Xu          , Xu          , Xu          , Xu          , Uu          , Uh          , Xu          , Xu          , Rd          , Uu          , Uu          , Xu          , Xu          , Uu          , Xu          , Uu          , Xu          , Xu          , Xu          , Xu          
Yos         , Yos         , Yos         , Yos         , Yos         , Yos         , Uu          , Uu          , Uu          , Uu          , Yos         , Yos         , Rd          , Rd          , Rd          , Rd          , Rd          , Rd          , Yos         , Uu          , Ce          , Ce          , Ce          , Yos         , Yos         , Rd          , Uu          , Uu          , Uu          , Yos         , Yos         , Yos         , Yos         , Xu          , Xu          , Xu          , Uu          , Xu          , Xu          , Xu          , Uu          , Xu          , Xu          , Uu          , Uu          , Xu          , Xu          , Uu          , Uu          , Xu          , Xu          , Xu          
Yos         , Yos         , Yos         , Yos         , Uu          , Uu          , Uu          , Uu          , Yos         , Yos         , Yos         , Yos         , Yos         , Rd          , Yos         , Yos         , Yos         , Rd          , Rd          , Yos         , Xg^Zsw      , 3 Ke        , Yos         , Yos         , Yos         , Yos         , Yos         , Yos         , Uu          , Yos         , Yos         , Yos         , Yos         , Xu          , Xu          , Xu          , Xu          , Xu          , Xu          , Xu          , Uh          , Uh          , Xu          , Xu          , Xu          , Xu          , Xu          , Xu          , Uu          , Xu          , Xu          , Xu          
Yos         , Yos         , Uu          , Uu          , Uu          , Uu          , Yos         , Yos         , Yos         , Yos         , Re          , Re          , Re          , Yos         , Re          , Re          , Re          , Yos         , Rd          , Rd          , Rd          , Yos         , Re          , Re          , Re          , Yos         , Yos         , Yos         , Uu          , Uu          , Yos         , Yos         , Yos         , Yos         , Yos         , Xu          , Xu          , Xu          , Xu          , Xu          , Xu          , Xu          , Xu          , Xu          , Xu          , Xu          , Xu          , Uu          , Xu          , Xu          , Xu          , Xu          
Uu^Ii       , Xg^Zsw      , Xg^Zsw      , Uu          , Yos         , Yos         , Yos         , Yos         , Yos         , Yos         , Re          , Re          , Re          , Yos         , Re          , Re          , Re          , Yos         , Yos         , Rd          , Yos         , Yos         , Re          , Re          , Re          , Yos         , Yos         , Uu          , Yos         , Re          , Yos         , Yos         , Yos         , Yos         , Yos         , Xu          , Xu          , Xu          , Xu          , Xu          , Xu          , Xu          , Xu          , Xu          , Xu          , Xu          , Xu          , Xu          , Xu          , Xu          , Xu          , Xu          
Uu^Ii       , Uu          , Yos         , Yos         , Yos         , Yos         , Yos         , Yos         , Yos         , Yos         , Yos         , Re          , Uu          , Yos         , Uu          , Re          , Uu          , Yos         , Uu          , Yos         , Uu          , Yos         , Uu          , Re          , Uu          , Yos         , Qxu         , Yos         , Yos         , Uu          , Yos         , Yos         , Yos         , Yos         , Yos         , Xu          , Xu          , Xu          , Xu          , Xu          , Xu          , Xu          , Xu          , Xu          , Xu          , Xu          , Xu          , Xu          , Xu          , Xu          , Xu          , Xu          
Yos         , Yos         , Yos         , Yos         , Yos         , Yos         , Yos         , Yos         , Yos         , Yos         , Yos         , Yos         , Yos         , Uu          , Yos         , Yos         , Yos         , Uu          , Uu          , Uu          , Uu          , Uu          , Yos         , Yos         , Yos         , Uu          , Qxu         , Uu          , Uu          , Uu          , Yos         , Yos         , Yos         , Yos         , Yos         , Yos         , Yos         , Xu          , Yos         , Xu          , Yos         , Xu          , Xu          , Xu          , Xu          , Xu          , Xu          , Xu          , Yos         , Yos         , Yos         , Yos         
Yos         , Yos         , Yos         , Yos         , Yos         , Yos         , Yos         , Yos         , Yos         , Yos         , Yos         , Yos         , Uu          , Uu          , Uu          , Yos         , Uu          , Uu          , Uu          , Uu          , Uu          , Uu          , Uu          , Yos         , Uu          , Uu          , Uu          , Uu          , Yos         , Yos         , Yos         , Yos         , Yos         , Yos         , Yos         , Yos         , Yos         , Yos         , Yos         , Yos         , Yos         , Yos         , Yos         , Xu          , Xu          , Xu          , Yos         , Yos         , Yos         , Yos         , Yos         , Yos         
Yos         , Yos         , Yos         , Yos         , Yos         , Yos         , Yos         , Yos         , Yos         , Yos         , Re          , Re          , Re          , Yos         , Re          , Re          , Re          , Yos         , Yos         , Yos         , Yos         , Yos         , Re          , Re          , Re          , Yos         , Yos         , Yos         , Yos         , Yos         , Yos         , Yos         , Yos         , Yos         , Yos         , Yos         , Yos         , Yos         , Yos         , Yos         , Yos         , Yos         , Yos         , Yos         , Yos         , Yos         , Yos         , Yos         , Yos         , Yos         , Yos         , Yos         
Yos         , Yos         , Yos         , Yos         , Yos         , Yos         , Yos         , Yos         , Yos         , Yos         , Re          , Re          , Re          , Yos         , Re          , Re          , Re          , Yos         , Yos         , Yos         , Yos         , Yos         , Re          , Re          , Re          , Yos         , Yos         , Yos         , Yos         , Yos         , Yos         , Yos         , Yos         , Yos         , Yos         , Yos         , Yos         , Yos         , Yos         , Yos         , Yos         , Yos         , Yos         , Yos         , Yos         , Yos         , Yos         , Yos         , Yos         , Yos         , Yos         , Yos         
Yos         , Yos         , Yos         , Yos         , Yos         , Yos         , Yos         , Yos         , Yos         , Yos         , Yos         , Re          , Yos         , Yos         , Yos         , Re          , Yos         , Yos         , Yos         , Yos         , Yos         , Yos         , Yos         , Re          , Yos         , Yos         , Yos         , Yos         , Yos         , Yos         , Yos         , Yos         , Yos         , Yos         , Yos         , Yos         , Yos         , Yos         , Yos         , Yos         , Yos         , Yos         , Yos         , Yos         , Yos         , Yos         , Yos         , Yos         , Yos         , Yos         , Yos         , Yos         
Yos         , Yos         , Yos         , Yos         , Yos         , Yos         , Yos         , Yos         , Yos         , Yos         , Yos         , Yos         , Yos         , Yos         , Yos         , Yos         , Yos         , Yos         , Yos         , Yos         , Yos         , Yos         , Yos         , Yos         , Yos         , Yos         , Yos         , Yos         , Yos         , Yos         , Yos         , Yos         , Yos         , Yos         , Yos         , Yos         , Yos         , Yos         , Yos         , Yos         , Yos         , Yos         , Yos         , Yos         , Yos         , Yos         , Yos         , Yos         , Yos         , Yos         , Yos         , Yos         
Yos         , Yos         , Yos         , Yos         , Yos         , Yos         , Yos         , Yos         , Yos         , Yos         , Yos         , Yos         , Yos         , Yos         , Yos         , Yos         , Yos         , Yos         , Yos         , Yos         , Yos         , Yos         , Yos         , Yos         , Yos         , Yos         , Yos         , Yos         , Yos         , Yos         , Yos         , Yos         , Yos         , Yos         , Yos         , Yos         , Yos         , Yos         , Yos         , Yos         , Yos         , Yos         , Yos         , Yos         , Yos         , Yos         , Yos         , Yos         , Yos         , Yos         , Yos         , Yos         
Yos         , Yos         , Yos         , Yos         , Yos         , Yos         , Yos         , Yos         , Yos         , Yos         , Yos         , Yos         , Yos         , Yos         , Yos         , Yos         , Yos         , Yos         , Yos         , Yos         , Yos         , Yos         , Yos         , Yos         , Yos         , Yos         , Yos         , Yos         , Yos         , Yos         , Yos         , Yos         , Yos         , Yos         , Yos         , Yos         , Yos         , Yos         , Yos         , Yos         , Yos         , Yos         , Yos         , Yos         , Yos         , Yos         , Yos         , Yos         , Yos         , Yos         , Yos         , Yos         
Yos         , Yos         , Yos         , Yos         , Yos         , Yos         , Yos         , Yos         , Yos         , Yos         , Yos         , Yos         , Yos         , Yos         , Yos         , Yos         , Yos         , Yos         , Yos         , Yos         , Yos         , Yos         , Yos         , Yos         , Yos         , Yos         , Yos         , Yos         , Yos         , Yos         , Yos         , Yos         , Yos         , Yos         , Yos         , Yos         , Yos         , Yos         , Yos         , Yos         , Yos         , Yos         , Yos         , Yos         , Yos         , Yos         , Yos         , Yos         , Yos         , Yos         , Yos         , Yos         
