border_size=1
usage=map

Xu          , Xu          , Xu          , Xu          , Xu          , Xu          , Xu          , Xu          , Xu          , Xu          , Xu          , Xu          , Xu          , Xu          , Xu          , Xu          , Xu          , Xu          , Xu          , Xu          , Xu          , Xu          , Xu          , Xu          , Cud         , Xu          , Xu          , Xu          , Xu          , Xu          , Xu          , Xu          , Xu          , Xu          , Xu          , Xu          , Xu          , Xu          , Xu          , Xu          , Xu          , Xu          
Xu          , Xu          , Xu          , Xu          , Xu          , Xu          , Xu          , Xu          , Xu          , Xu          , Xu          , Xu          , Xu          , Xu          , Xu          , Xu          , Xu          , Xu          , Xu          , Xu          , Xu          , Xu          , Xu          , Xu          , 2 Kud       , Xu          , Xu          , Xu          , Xu          , Xu          , Xu          , Xu          , Xu          , Xu          , Xu          , Xu          , Xu          , Xu          , Xu          , Xu          , Xu          , Xu          
Xu          , Xu          , Xu          , Xu          , Xu          , Xu          , Xu          , Xu          , Xu          , Xu          , Xu          , Xu          , Xu          , Xu          , Uu          , Xu          , Xu          , Xu          , Xu          , Xu          , Xu          , Xu          , Xu          , Xu          , Cud         , Xu          , Xu          , Xu          , Xu          , Xu          , Xu          , Xu          , Xu          , Xu          , Xu          , Xu          , Xu          , Xu          , Xu          , Xu          , Xu          , Xu          
Xu          , Xu          , Xu          , Xu          , Xu          , Xu          , Xu          , Xu          , Xu          , Xu          , Xu          , Xu          , Uu          , Uu          , Yt          , Uu          , Uu          , Xu          , Uu^Vud      , Xu          , Xu          , Xu          , Xu          , Xu          , Cud         , Xu          , Xu          , Xu          , Xu          , Xu          , Xu          , Xu          , Xu          , Xu          , Xu          , Xu          , Xu          , Xu          , Xu          , Xu          , Xu          , Xu          
Xu          , Xu          , Xu          , Xu          , Xu          , Xu          , Xu          , Xu          , Xu          , Xu          , Xu          , Uu          , Yt          , Yt          , Uu          , Yt          , Xu          , Re          , Uu          , Re          , Rd          , Xu          , Xu          , Xu          , Uu          , Xu          , Xu          , Xu          , Xu          , Xu          , Xu          , Xu          , Uu          , Uu^Vud      , Xu          , Xu          , Xu          , Xu          , Xu          , Xu          , Xu          , Xu          
Xu          , Xu          , Xu          , Xu          , Uu          , Xu          , Xu          , Xu          , Xu          , Xu          , Xu          , Uu^Vu       , Xu          , Uu          , Xu          , Xu          , Uu^Uf       , Xu          , Xu          , Uu^Uf       , Uu          , Uu          , Uu          , Uu          , Xu          , Xu          , Xu          , Xu          , Xu          , Xu          , Uu          , Uu          , Uu          , Xu          , Xu          , Xu          , Xu          , Xu          , Xu          , Xu          , Xu          , Xu          
Xu          , Xu          , Uu^Vu       , Uu          , Uu          , Uu          , Uu          , Xu          , Xu          , Xu          , Xu          , Xu          , Qxu         , Xu          , Qxu         , Xu          , Uu^Uf       , Uu^Uf       , Uu^Uf       , Xu          , Xu          , Uu          , Yt          , Yt          , Xu          , Xu          , Xu          , Xu          , Xu          , Xu          , Uu          , Uu          , Uu          , Xu          , Xu          , Xu          , Xu          , Xu          , Xu          , Xu          , Xu          , Xu          
Xu          , Xu          , Uu          , Uu          , Uu          , Uu          , Uu          , Xu          , Xu          , Xu          , Xu          , Qxu         , Qxu         , Qxu         , Qxu         , Xu          , Uu          , Uu^Uf       , Uu^Uf       , Uu^Uf       , Xu          , Uu          , Yt          , Uu^Vu       , Xu          , Xu          , Xu          , Xu          , Xu          , Xu          , Re          , Uu          , Uu          , Uu          , Xu          , Xu          , Xu          , Xu          , Xu          , Xu          , Xu          , Xu          
Xu          , Xu          , Uu          , Uu          , Uu          , Re          , Uu          , Uu          , Xu          , Xu          , Xu          , Uu^Vud      , Qxu         , Qxu         , Uu          , Uu          , Xu          , Uu^Uf       , Uu^Uf       , Uu^Uf       , Xu          , Uu          , Uu          , Xu          , Xu          , Xu          , Xu          , Xu          , Rd          , Uu^Uf       , Uu          , Uu          , Uu          , Uu          , Xu          , Xu          , Xu          , Xu          , Xu          , Xu          , Xu          , Xu          
Xu          , Xu          , Uu          , Uu          , Uu          , Uh          , Rd          , Uu          , Yt          , Xu          , Uu          , Xu          , Xu          , Xu          , Yt          , Uu          , Yt          , Xu          , Xu          , Uu^Uf       , Xu          , Uu          , Yt          , Uu          , Uu          , Xu          , Xu          , Xu          , Yt          , Re          , Xu          , Uu          , Uu          , Uu          , Xu          , Xu          , Xu          , Xu          , Yt          , Uu^Vu       , Xu          , Xu          
Xu          , Xu          , Uu          , Rd          , Uu          , Uu          , Re          , Uu          , Uu          , Yt          , Yt          , Re          , Yt          , Uu          , Uu          , Xu          , Uu          , Yt          , Uu          , Xu          , Uu          , Uu          , Uu          , Yt          , Cud         , Uu          , Uu          , Yt          , Uu          , Uu^Vud      , Xu          , Uu          , Xu          , Xu          , Xu          , Xu          , Xu          , Xu          , Yt          , Yt          , Xu          , Xu          
Xu          , Xu          , Uu          , Uu          , Uu          , Uu          , Uu          , Uu          , Xu          , Uu          , Xu          , Uu^Uf       , Uu^Uf       , Yt          , Uu          , Xu          , Xu          , Xu          , Re          , Uu          , Uu          , Uu^Vud      , Cud         , Cud         , 1 Kud       , Cud         , Cud         , Uu          , Xu          , Xu          , Yx          , Yxb         , Yx          , Xu          , Xu          , Xu          , Xu          , Xu          , Yt          , Xu          , Xu          , Xu          
Xu          , Xu          , Xu          , Xu          , Xu          , Uu          , Xu          , Xu          , Xu          , Xu          , Uu          , Xu          , Uu          , Yt          , Uu          , Uu          , Xu          , Uu          , Re          , Uu          , Xu          , Xu          , Uu          , Cud         , Cud         , Cud         , Uu          , Xu          , Xu          , Yx          , Xu          , Yxb         , Xu          , Xu          , Uu^Vud      , Xu          , Xu          , Xu          , Uu          , Xu          , Xu          , Xu          
Xu          , Xu          , Xu          , Xu          , Xu          , Xu          , Uu          , Xu          , Uu          , Uu          , Rd          , Uu          , Uu          , Yt          , Uu          , Uu          , Xu          , Uu          , Uu          , Xu          , Xu          , Uu          , Uu          , Uu          , Uu          , Uu          , Xu          , Uu          , Yt          , Xu          , Uu          , Xu          , Uu          , Xu          , Uu          , Xu          , Xu          , Uu          , Uu          , Uu          , Xu          , Xu          
Xu          , Xu          , Xu          , Xu          , Xu          , Xu          , Uu          , Xu          , Yt          , Uu          , Uh          , Uu          , Uu          , Uu          , Uu          , Uu          , Xu          , Uu          , Re          , Xu          , Uu          , Xu          , Uu          , Yt          , Uu^Vu       , Xu          , Xu          , Uu          , Uu          , Yt          , Yt          , Re          , Uu^Uf       , Uu          , Uu          , Xu          , Uu          , Xu          , Uu          , Uu          , Xu          , Xu          
Xu          , Xu          , Xu          , Xu          , Xu          , Uu          , Uu          , Uu          , Uu          , Uh          , Uu          , Uu          , Xu          , Xu          , Xu          , Xu          , Uu          , Rd          , Uu          , Uu          , Uu          , Xu          , Uu          , Yt          , Yt          , Xu          , Xu          , Xu          , Xu          , Re          , Uu          , Yt          , Rd          , Uu          , Re          , Uu          , Uu          , Uu          , Uu          , Uu          , Xu          , Xu          
Xu          , Xu          , Xu          , Xu          , Uu          , Uu          , Uu          , Re          , Uu          , Uu          , Uu          , Xu          , Uu^Uf       , Uu          , Yt          , Uu          , Xu          , Uu          , Xu          , Uu          , Yt          , Xu          , Xu          , Uu          , Re          , Yt          , Uu          , Xu          , Uu          , Xu          , Xu          , Uu          , Uu          , Uu          , Uu          , Re          , Yt          , Uu          , Xu          , Xu          , Xu          , Xu          
Xu          , Xu          , Uu          , Xu          , Uu          , Rd          , Uu          , Yt          , Uu          , Uu          , Xu          , Xu          , Yt          , Yt          , Xu          , Xu          , Uu          , Xu          , Uu^Vud      , Xu          , Uu          , Uu          , Uu          , Xu          , Xu          , Uu          , Yt          , Uu          , Uu          , Xu          , Uu          , Xu          , Xu          , Xu          , Xu          , Re          , Yt          , Uu          , Xu          , Xu          , Xu          , Xu          
Xu          , Xu          , Uu          , Uu          , Uu          , Rd          , Yt          , Yt          , Uu          , Uu          , Xu          , Uu^Uf       , Xu          , Xu          , Uu          , Uu          , Uu          , Uu          , Xu          , Xu          , Uu          , Yt          , Uu          , Uu^Vu       , Xu          , Uu          , Uu          , Yt          , Uu          , Re          , Uu          , Xu          , Uu          , Uu^Vu       , Xu          , Uu          , Re          , Uu          , Xu          , Xu          , Xu          , Xu          
Xu          , Xu          , Xu          , Uu          , Uu          , Uu          , Re          , Uu          , Uu          , Xu          , Yx          , Yxb         , Xu          , Uu          , Re          , Uu          , Uu          , Xu          , Uu          , Uu          , Rd          , Rd          , Xu          , Xu          , Qxu         , Xu          , Xu          , Uu          , Xu          , Uu          , Yt          , Uu          , Uu          , Xu          , Xu          , Uu          , Yt          , Xu          , Xu          , Xu          , Xu          , Xu          
Xu          , Xu          , Uu          , Uu          , Uu          , Re          , Uu^Uf       , Uu          , Uu          , Xu          , Yx          , Yxb         , Xu          , Uu          , Uu          , Re          , Uu          , Xu          , Uu          , Uu          , Rd          , Uu          , Xu          , Qxu         , Qxu         , Qxu         , Qxu         , Xu          , Uu          , Xu          , Xu          , Yt          , Uu          , Xu          , Xu          , Re          , Yt          , Xu          , Xu          , Xu          , Xu          , Xu          
Xu          , Xu          , Uu          , Uu          , Uu          , Yt          , Uu          , Uu          , Xu          , Xu          , Uu          , Uu^Ii       , Xu          , Xu          , Uu          , Re          , Xu          , Xu          , Uu          , Uu          , Xu          , Xu          , Uu^Vu       , Uu          , Uu          , Qxu         , Xu          , Xu          , Uu          , Uu          , Xu          , Uu          , Uu          , Xu          , Xu          , Uu          , Uu          , Uu          , Uu          , Uu          , Xu          , Xu          
Xu          , Xu          , Xu          , Xu          , Uu          , Yt          , Uu          , Uu          , Xu          , Uu          , Rd          , Rd          , Uu          , Xu          , Yt          , Xu          , Uu          , Uu          , Uu          , Uu          , Xu          , Uu          , Uu          , Yt          , Uu          , Xu          , Yxb         , Re          , Xu          , Uu^Vu       , Xu          , Uu          , Uu          , Uu          , Xu          , Uu          , Uu^Uf       , Uu^Uf       , Uu          , Uu          , Xu          , Xu          
Xu          , Xu          , Xu          , Xu          , Rd          , Yt          , Xu          , Xu          , Uu          , Uu          , Yt          , Uh          , Uu          , Xu          , Uu          , Xu          , Xu          , Uu          , Xu          , Uu          , Xu          , Uu          , Uh          , Yt          , Uu          , Xu          , Yxb         , Xu          , Uu          , Xu          , Rd          , Yt          , Uu          , Xu          , Uu          , Re          , Rd          , Uu          , Xu          , Xu          , Xu          , Xu          
Xu          , Xu          , Uu          , Uu          , Uu^Uf       , Rd          , Uu          , Xu          , Uu          , Uu^Uf       , Yt          , Uh          , Xu          , Xu          , Rd          , Uu          , Uu          , Xu          , Uu          , Xu          , Uu^Vud      , Uu          , Uu          , Uu          , Xu          , Xu          , Uu          , Xu          , Xu          , Uu          , Re          , Yt          , Uu          , Xu          , Uu          , Re          , Rd          , Uu          , Uu          , Xu          , Xu          , Xu          
Xu          , Xu          , Uu          , Uu          , Uu          , Uu          , Xu          , Xu          , Uu          , Uu          , Yt          , Uu          , Yt          , Yt          , Xu          , Uu          , Re          , Re          , Yt          , Uu          , Yt          , Uu          , Uu          , Uu          , Xu          , Uu          , Uu          , Uu          , Uu          , Xu          , Uh          , Yt          , Uu          , Xu          , Uu          , Uu          , Uu          , Uu          , Uu          , Xu          , Xu          , Xu          
Xu          , Xu          , Uu          , Uu          , Yt          , Uu          , Xu          , Uu          , Rd          , Re          , Yt          , Uu          , Xu          , Xu          , Uu^Vud      , Xu          , Uu          , Uu          , Xu          , Uu          , Xu          , Yt          , Uu          , Xu          , Uu          , Uu          , Rd          , Uu          , Uu          , Xu          , Xu          , Uh          , Yt          , Xu          , Uu          , Uu          , Yt          , Uu          , Uu          , Uu          , Xu          , Xu          
Xu          , Xu          , Cud         , Yt          , Uu          , Uu          , Xu          , Rd          , Re          , Yt          , Uu          , Uu          , Xu          , 7 Kud       , Cud         , Xu          , Yt          , Xu          , Uu          , Xu          , Uu          , Xu          , Yt          , Xu          , Uu          , Rd          , Re          , Xu          , Xu          , Uu          , Xu          , Uu          , Yt          , Xu          , Xu          , Uu          , Uu          , Yt          , Uu          , Xu          , Xu          , Xu          
Xu          , Xu          , Cud         , Cud         , Cud         , Xu          , Uu          , Uu          , Uu          , Uu          , Xu          , Xu          , Cud         , Cud         , Xu          , Xu          , Rd          , Uu          , Uu^Uf       , Uu          , Uu          , Xu          , Rd          , Xu          , Uu          , Uu          , Xu          , Xu          , Uu          , Uu          , Xu          , Uu          , Uu          , Xu          , Xu          , Uu          , Cud         , Cud         , Cud         , Uu          , Xu          , Xu          
Xu          , Xu          , 4 Kud       , Cud         , Xu          , Qxu         , Uu          , Uu          , Uu          , Uu^Vu       , Xu          , Uu          , Uu          , Xu          , Uu          , Uu          , Uu          , Uu          , Uu          , Uu          , Rd          , Uu          , Uu          , Yt          , Yt          , Yt          , Yt          , Uu          , Yt          , Uu          , Xu          , Uu          , Yt          , Re          , Uu          , Xu          , Qxu         , 3 Kud       , Xu          , Uu          , Xu          , Xu          
Xu          , Xu          , Xu          , Uu^Vud      , Xu          , Uu          , Qxu         , Uu          , Uu          , Xu          , Uu          , Yt          , Uu          , Xu          , Uu          , Re^Uf       , Xu          , Xu          , Uu          , Uu^Vud      , Rd          , Yt          , Uu          , Uu          , Xu          , Uu          , Rd          , Uu          , Uu          , Uu^Vud      , Xu          , Uu          , Yt          , Re          , Uu          , Uu          , Uu          , Xu          , Xu          , Uu^Vud      , Xu          , Xu          
Xu          , Xu          , Xu          , Xu          , Qxu         , Qxu         , Qxu         , Qxu         , Qxu         , Xu          , Uu          , Yt          , Uu          , Xu          , Xu          , Yt          , Uu          , Uu          , Uu          , Xu          , Yt          , Yt          , Xu          , Xu          , Uu          , Xu          , Uu          , Xu          , Cud         , Cud         , Cud         , Qxu         , Yt          , Uu          , Uu          , Uu          , Uu          , Xu          , Xu          , Xu          , Xu          , Xu          
Xu          , Xu          , Xu          , Xu          , Xu          , Qxu         , Uu          , Xu          , Xu          , Uu          , Uu          , Rd          , Uu          , Uu          , Xu          , Uu^Ii       , Xu          , Yt          , Xu          , Xu          , Uu          , Uu          , Xu          , Uu          , Uu          , Uu          , Uu          , Xu          , Cud         , Cud         , Xu          , Qxu         , Yt          , Uu          , Qxu         , Uu          , Uu          , Xu          , Xu          , Xu          , Xu          , Xu          
Xu          , Xu          , Xu          , Xu          , Xu          , Uu          , Uu^Vu       , Uu          , Xu          , Uu          , Yt          , Uu          , Uu          , Xu          , Xu          , Yt          , Xu          , Rd          , Xu          , Yl          , Xu          , Uu          , Xu          , Uu          , Uu          , Uu^Uf       , Rd          , Xu          , Xu          , 5 Kud       , Xu          , Uu          , Uu          , Uu          , Uu          , Uu          , Xu          , Xu          , 8 Kud       , Uu^Vud      , Xu          , Xu          
Xu          , Xu          , Xu          , Xu          , Xu          , Xu          , Xu          , Xu          , Uu          , Uu          , Yt          , Uu          , Uu          , Xu          , Uh          , Yt          , Yt          , Uu          , Xu          , Xu          , Uu^Vud      , Xu          , Cud         , Cud         , Uu          , Uu^Uf       , Yt          , Re          , Uu          , Xu          , Xu          , Yt          , Yt          , Uu          , Uu          , Uu          , Xu          , Xu          , Cud         , Cud         , Xu          , Xu          
Xu          , Xu          , Xu          , Xu          , Xu          , Uu          , Uu          , Uu          , Uu          , Re          , Yt          , Uu          , Xu          , Xu          , Uu          , Uu          , Yxb         , Uu          , Uu          , Xu          , Xu          , Cud         , Xu          , 6 Kud       , Uu          , Uu          , Re          , Yt          , Yt          , Xu          , Uu^Ii       , Uu          , Uu          , Uu          , Xu          , Uu^Vu       , Xu          , Cud         , Uu          , Uu          , Xu          , Xu          
Xu          , Xu          , Xu          , Xu          , Xu          , Uu          , Uu          , Uu          , Rd          , Yt          , Uu          , Uu          , Xu          , Yt          , Yt          , Yx          , Yx          , Yx          , Uu          , Xu          , Uu          , Xu          , Uu          , Xu          , Xu          , Uu          , Uu          , Uu          , Uu          , Uu          , Xu          , Uu          , Xu          , Uu          , Xu          , Xu          , Uu          , Xu          , Uu          , Uu          , Xu          , Xu          
Xu          , Xu          , Xu          , Xu          , Uu^Vud      , Uu          , Uu          , Uu          , Uu          , Uu          , Uu          , Uu          , Xu          , Uu          , Uu          , Uu          , Uu          , Uu          , Yt          , Uu          , Rd          , Uu          , Yt          , Uu          , Uu          , Xu          , Xu          , Rd          , Xu          , Uu          , Uu          , Xu          , Uu^Vud      , Xu          , Uu          , Xu          , Xu          , Uu          , Re          , Uu          , Xu          , Xu          
Xu          , Xu          , Xu          , Xu          , Xu          , Uu          , Uu          , Re          , Uu          , Uu          , Uu          , Xu          , Qxu         , Qxu^Bs|     , Qxu         , Uu          , Xu          , Uu          , Uu          , Yt          , Uu          , Uu          , Uu          , Yt          , Uu          , Uu          , Uu          , Xu          , Uu          , Xu          , Xu          , Xu          , Uu          , Uu          , Uu          , Xu          , Xu          , Uu          , Re          , Uu          , Xu          , Xu          
Xu          , Xu          , Xu          , Xu          , Xu          , Uu          , Re^Uf       , Uu          , Uu^Uf       , Uu          , Xu          , Xu          , Qxu         , Qxu^Bs|     , Qxu         , Xu          , Xu          , Xu          , Xu          , Uu          , Uu          , Uu          , Re          , Yt          , Uu          , Rd          , Uu          , Uu          , Uu          , Uu          , Xu          , Xu          , Xu          , Uu          , Rd          , Xu          , Xu          , Uu          , Uu          , Re          , Xu          , Xu          
Xu          , Xu          , Xu          , Xu          , Xu          , Xu          , Uu          , Re^Uf       , Uu^Uf       , Xu          , Xu          , Xu          , Uu          , Qxu^Bs|     , Uu          , Xu          , Uu          , Xu          , Uu^Vu       , Xu          , Uu^Vud      , Uu          , Uu          , Uu          , Uu          , Uh          , Uh          , Uu          , Re          , Uu          , Uu          , Xu          , Xu          , Re          , Uh          , Uu          , Xu          , Uu          , Uu          , Uu^Uf       , Xu          , Xu          
Xu          , Xu          , Xu          , Xu          , Xu          , Xu          , Uu          , Yt          , Uu          , Xu          , Xu          , Uu          , Uu          , Yt          , Uu          , Xu          , Xu          , Uu          , Uu          , Xu          , Xu          , Uu          , Xu          , Uu          , Uu          , Uu          , Uu          , Uu          , Re          , Yt          , Uu          , Xu          , Uu          , Re          , Uu          , Xu          , Uu          , Xu          , Xu          , Uu^Uf       , Xu          , Xu          
Xu          , Xu          , Xu          , Xu          , Xu          , Xu          , Uu          , Uu          , Uu          , Xu          , Xu          , Xu          , Uu          , Yt          , Uu          , Uu          , Xu          , Uu          , Uu          , Uu          , Xu          , Xu          , Uu          , Xu          , Rd          , Xu          , Uu          , Uu          , Uu          , Yt          , Uu          , Xu          , Xu          , Re          , Uu          , Uu          , Uu          , Xu          , Uu          , Uu          , Xu          , Xu          
Xu          , Xu          , Xu          , Xu          , Xu          , Xu          , Uu          , Rd          , Uu          , Uu          , Uu          , Xu          , Uu          , Yt          , Yt          , Uu          , Yt          , Uu          , Uu          , Uu          , Rd          , Rd          , Rd          , Uu          , Uu          , Xu          , Yt          , Yt          , Uu          , Re          , Xu          , Xu          , Xu          , Uu          , Uu          , Uu          , Yt          , Yt          , Uu          , Uu          , Xu          , Xu          
Xu          , Xu          , Xu          , Xu          , Xu          , Xu          , Uu          , Uu          , Uu          , Yt          , Yt          , Uu          , Yt          , Uu          , Uu          , Uu          , Yt          , Uu          , Yt          , Yt          , Uu          , Uu          , Uu          , Uu          , Uu          , Uu          , Uu          , Xu          , Uu          , Uu          , Xu          , Uu          , Rd          , Uu          , Yt          , Uu          , Uu          , Xu          , Xu          , Xu          , Xu          , Xu          
Xu          , Xu          , Xu          , Xu          , Xu          , Uu          , Xu          , Xu          , Uu          , Uu          , Uu          , Yt          , Uu          , Uu          , Uu          , Uu          , Uu          , Uu          , Uu          , Uu          , Uu          , Uu          , Uu          , Uu          , Uu          , Uu          , Xu          , Uu          , Uu          , Rd          , Uu          , Yt          , Uu          , Re          , Uu          , Uu          , Yl          , Uu          , Uu          , Uu^Vu       , Xu          , Xu          
Xu          , Xu          , Xu          , Xu          , Xu          , Xu          , Uu^Vu       , Uu          , Xu          , Uu          , Xu          , Uu          , Xu          , Xu          , Xu          , Xu          , Yl          , Ylb         , Yl          , Xu          , Xu          , Uu          , Xu          , Xu          , Xu          , Xu          , Xu          , Uu          , Xu          , Uu          , Xu          , Xu          , Xu          , Xu          , Xu          , Yl          , Xu          , Xu          , Xu          , Xu          , Xu          , Xu          
Xu          , Xu          , Xu          , Xu          , Yl          , Xu          , Xu          , Xu          , Xu          , Yx          , Xu          , Xu          , Yl          , Yl          , Yl          , Yl          , Yl          , Ylb         , Yl          , Yl          , Yl          , Xu          , Yl          , Yl          , Yl          , Yl          , Yl          , Xu          , Yl          , Xu          , Xu          , Yl          , Yl          , Yl          , Xu          , Yl          , Xu          , Yl          , Yl          , Yl          , Yl          , Yl          
Xu          , Xu          , Xu          , Xu          , Yl          , Yl          , Yl          , Yl          , Xu          , Yx          , Xu          , Yl          , Yl          , Yl          , Yl          , Yl          , Yl          , Ylb         , Yl          , Yl          , Yl          , Yl          , Yl          , Yl          , Yl          , Yl          , Yl          , Yl          , Yl          , Yl          , Xu          , Yl          , Yl          , Yl          , Xu          , Xu          , Yl          , Yl          , Yl          , Yl          , Yl          , Yl          
Xu          , Xu          , Yl          , Yl          , Yl          , Yl          , Yl          , Yl          , Xu          , Xu          , Yl          , Yl          , Yl          , Yl          , Yl          , Yl          , Yl          , Ylb         , Yl          , Yl          , Yl          , Yl          , Yl          , Yl          , Yl          , Yl          , Yl          , Yl          , Yl          , Xu          , Yl          , Yl          , Yl          , Yl          , Yl          , Yl          , Yl          , Yl          , Yl          , Yl          , Yl          , Yl          
Yl          , Yl          , Yl          , Yl          , Yl          , Yl          , Yl          , Yl          , Yl          , Yl          , Yl          , Yl          , Yl          , Yl          , Yl          , Yl          , Yl          , Ylb         , Yl          , Yl          , Yl          , Yl          , Yl          , Yl          , Yl          , Yl          , Yl          , Yl          , Yl          , Yl          , Yl          , Yl          , Yl          , Uu^Vud      , Yl          , Yl          , Yl          , Yl          , Yl          , Yl          , Yl          , Yl          
Yl          , Yl          , Yl          , Yl          , Yl          , Yl          , Yl          , Yl          , Yl          , Yl          , Yl          , Yl          , Yl          , Yl          , Yl          , Yl          , Yl          , Ylb         , Yl          , Yl          , Yl          , Yl          , Yl          , Yl          , Yl          , Yl          , Yl          , Yl          , Yl          , Yl          , Yl          , Yl          , Yl          , Yl          , Yl          , Yl          , Yl          , Yl          , Yl          , Yl          , Yl          , Yl          
Yl          , Yl          , Yl          , Yl          , Yl          , Yl          , Uu^Vud      , Yl          , Yl          , Yl          , Yl          , Yl          , Yl          , Yl          , Yl          , Yl          , Yl          , Ylb         , Yl          , Yl          , Yl          , Yl          , Yl          , Yl          , Yl          , Yl          , Yl          , Yl          , Yl          , Yl          , Yl          , Yl          , Yl          , Yl          , Cud         , Cud         , Cud         , Yl          , Yl          , Yl          , Yl          , Yl          
Yl          , Yl          , Yl          , Yl          , Yl          , Yl          , Yl          , Yl          , Yl          , Yl          , Yl          , Yl          , Yl          , Yl          , Yl          , Yl          , Yl          , Ylb         , Yl          , Yl          , Yl          , Yl          , Yl          , Yl          , Yl          , Yl          , Yl          , Yl          , Yl          , Yl          , Yl          , Yl          , Yl          , Yl          , Cud         , 9 Kud       , Cud         , Yl          , Yl          , Yl          , Yl          , Yl          
Yl          , Yl          , Yl          , Yl          , Yl          , Yl          , Yl          , Yl          , Yl          , Yl          , Yl          , Yl          , Yl          , Yl          , Yl          , Yl          , Yl          , Ylb         , Yl          , Yl          , Yl          , Yl          , Yl          , Yl          , Yl          , Yl          , Uu^Vud      , Yl          , Yl          , Yl          , Yl          , Yl          , Yl          , Yl          , Yl          , Cud         , Yl          , Yl          , Yl          , Yl          , Yl          , Yl          
Yl          , Yl          , Yl          , Yl          , Yl          , Yl          , Yl          , Yl          , Yl          , Yl          , Yl          , Yl          , Yl          , Yl          , Yl          , Yl          , Yl          , Ylb         , Yl          , Yl          , Yl          , Yl          , Yl          , Yl          , Yl          , Yl          , Yl          , Yl          , Yl          , Yl          , Yl          , Yl          , Yl          , Yl          , Yl          , Yl          , Yl          , Yl          , Yl          , Yl          , Yl          , Yl          
Yl          , Yl          , Yl          , Yl          , Yl          , Yl          , Yl          , Yl          , Xu          , Yl          , Yl          , Yl          , Yl          , Yl          , Yl          , Yl          , Yl          , Uu^Vud      , Yl          , Yl          , Yl          , Yl          , Yl          , Yl          , Yl          , Yl          , Yl          , Yl          , Yl          , Yl          , Yl          , Yl          , Yl          , Yl          , Yl          , Yl          , Yl          , Yl          , Yl          , Yl          , Yl          , Yl          
Yl          , Yl          , Yl          , Yl          , Yl          , Yl          , Yl          , Xu          , Yl          , Xu          , Yl          , Yl          , Yl          , Yl          , Yl          , Yl          , Yl          , Ylb         , Yl          , Yl          , Yl          , Yl          , Yl          , Yl          , Xu          , Xu          , Xu          , Yl          , Xu          , Yl          , Xu          , Yl          , Yl          , Yl          , Yl          , Yl          , Yl          , Yl          , Yl          , Yl          , Yl          , Yl          
Yl          , Yl          , Yl          , Yl          , Yl          , Yl          , Yl          , Yl          , Xu          , Xu          , Xu          , Yl          , Yl          , Yl          , Yl          , Yl          , Yl          , Ylb         , Yl          , Yl          , Yl          , Yl          , Yl          , Yl          , Xu          , Xu          , Xu          , Xu          , Xu          , Xu          , Xu          , Xu          , Xu          , Yl          , Yl          , Yl          , Yl          , Yl          , Xu          , Yl          , Yl          , Yl          
Yl          , Yl          , Yl          , Yl          , Yl          , Yl          , Xu          , Xu          , Xu          , Xu          , Xu          , Yl          , Yl          , Yl          , Yl          , Yl          , Yl          , Ylb         , Yl          , Yl          , Yl          , Yl          , Yl          , Xu          , Xu          , Xu          , Xu          , Xu          , Xu          , Xu          , Xu          , Xu          , Xu          , Xu          , Yl          , Yl          , Xu          , Xu          , Xu          , Yl          , Yl          , Yl          
Xu          , Xu          , Xu          , Xu          , Xu          , Xu          , Xu          , Xu          , Xu          , Xu          , Xu          , Xu          , Xu          , Xu          , Xu          , Xu          , Xu          , Xu          , Xu          , Xu          , Xu          , Xu          , Xu          , Xu          , Xu          , Xu          , Xu          , Xu          , Xu          , Xu          , Xu          , Xu          , Xu          , Xu          , Xu          , Xu          , Xu          , Xu          , Xu          , Xu          , Xu          , Xu          
Xu          , Xu          , Xu          , Xu          , Xu          , Xu          , Xu          , Xu          , Xu          , Xu          , Xu          , Xu          , Xu          , Xu          , Xu          , Xu          , Xu          , Xu          , Xu          , Xu          , Xu          , Xu          , Xu          , Xu          , Xu          , Xu          , Xu          , Xu          , Xu          , Xu          , Xu          , Xu          , Xu          , Xu          , Xu          , Xu          , Xu          , Xu          , Xu          , Xu          , Xu          , Xu          
